------------------------------------------------------------
TimeQuest Timing Analyzer Summary
------------------------------------------------------------

Type  : Setup 'T_FF:tff63|D_FF:dff0|q'
Slack : -1.194
TNS   : -1.194

Type  : Setup 'T_FF:tff32|D_FF:dff0|q'
Slack : 0.457
TNS   : 0.000

Type  : Setup 'T_FF:tff58|D_FF:dff0|q'
Slack : 0.457
TNS   : 0.000

Type  : Setup 'T_FF:tff34|D_FF:dff0|q'
Slack : 0.459
TNS   : 0.000

Type  : Setup 'T_FF:tff60|D_FF:dff0|q'
Slack : 0.459
TNS   : 0.000

Type  : Setup 'T_FF:tff10|D_FF:dff0|q'
Slack : 0.466
TNS   : 0.000

Type  : Setup 'T_FF:tff20|D_FF:dff0|q'
Slack : 0.466
TNS   : 0.000

Type  : Setup 'T_FF:tff26|D_FF:dff0|q'
Slack : 0.466
TNS   : 0.000

Type  : Setup 'T_FF:tff30|D_FF:dff0|q'
Slack : 0.466
TNS   : 0.000

Type  : Setup 'T_FF:tff56|D_FF:dff0|q'
Slack : 0.466
TNS   : 0.000

Type  : Setup 'T_FF:tff6|D_FF:dff0|q'
Slack : 0.466
TNS   : 0.000

Type  : Setup 'T_FF:tff12|D_FF:dff0|q'
Slack : 0.467
TNS   : 0.000

Type  : Setup 'T_FF:tff16|D_FF:dff0|q'
Slack : 0.467
TNS   : 0.000

Type  : Setup 'T_FF:tff18|D_FF:dff0|q'
Slack : 0.467
TNS   : 0.000

Type  : Setup 'T_FF:tff22|D_FF:dff0|q'
Slack : 0.467
TNS   : 0.000

Type  : Setup 'T_FF:tff28|D_FF:dff0|q'
Slack : 0.467
TNS   : 0.000

Type  : Setup 'T_FF:tff2|D_FF:dff0|q'
Slack : 0.467
TNS   : 0.000

Type  : Setup 'T_FF:tff36|D_FF:dff0|q'
Slack : 0.467
TNS   : 0.000

Type  : Setup 'T_FF:tff38|D_FF:dff0|q'
Slack : 0.467
TNS   : 0.000

Type  : Setup 'T_FF:tff40|D_FF:dff0|q'
Slack : 0.467
TNS   : 0.000

Type  : Setup 'T_FF:tff46|D_FF:dff0|q'
Slack : 0.467
TNS   : 0.000

Type  : Setup 'T_FF:tff48|D_FF:dff0|q'
Slack : 0.467
TNS   : 0.000

Type  : Setup 'T_FF:tff50|D_FF:dff0|q'
Slack : 0.467
TNS   : 0.000

Type  : Setup 'T_FF:tff52|D_FF:dff0|q'
Slack : 0.467
TNS   : 0.000

Type  : Setup 'T_FF:tff8|D_FF:dff0|q'
Slack : 0.467
TNS   : 0.000

Type  : Setup 'T_FF:tff14|D_FF:dff0|q'
Slack : 0.468
TNS   : 0.000

Type  : Setup 'T_FF:tff24|D_FF:dff0|q'
Slack : 0.468
TNS   : 0.000

Type  : Setup 'T_FF:tff42|D_FF:dff0|q'
Slack : 0.469
TNS   : 0.000

Type  : Setup 'T_FF:tff44|D_FF:dff0|q'
Slack : 0.469
TNS   : 0.000

Type  : Setup 'T_FF:tff54|D_FF:dff0|q'
Slack : 0.469
TNS   : 0.000

Type  : Setup 'T_FF:tff0|D_FF:dff0|q'
Slack : 0.470
TNS   : 0.000

Type  : Setup 'T_FF:tff62|D_FF:dff0|q'
Slack : 0.470
TNS   : 0.000

Type  : Setup 'T_FF:tff4|D_FF:dff0|q'
Slack : 0.471
TNS   : 0.000

Type  : Setup 'T_FF:tff3|D_FF:dff0|q'
Slack : 0.565
TNS   : 0.000

Type  : Setup 'T_FF:tff45|D_FF:dff0|q'
Slack : 0.800
TNS   : 0.000

Type  : Setup 'T_FF:tff59|D_FF:dff0|q'
Slack : 0.801
TNS   : 0.000

Type  : Setup 'T_FF:tff61|D_FF:dff0|q'
Slack : 0.802
TNS   : 0.000

Type  : Setup 'T_FF:tff49|D_FF:dff0|q'
Slack : 0.807
TNS   : 0.000

Type  : Setup 'T_FF:tff51|D_FF:dff0|q'
Slack : 0.807
TNS   : 0.000

Type  : Setup 'T_FF:tff23|D_FF:dff0|q'
Slack : 0.809
TNS   : 0.000

Type  : Setup 'T_FF:tff7|D_FF:dff0|q'
Slack : 0.809
TNS   : 0.000

Type  : Setup 'T_FF:tff33|D_FF:dff0|q'
Slack : 0.815
TNS   : 0.000

Type  : Setup 'T_FF:tff11|D_FF:dff0|q'
Slack : 0.819
TNS   : 0.000

Type  : Setup 'T_FF:tff15|D_FF:dff0|q'
Slack : 0.819
TNS   : 0.000

Type  : Setup 'T_FF:tff35|D_FF:dff0|q'
Slack : 0.825
TNS   : 0.000

Type  : Setup 'T_FF:tff39|D_FF:dff0|q'
Slack : 0.834
TNS   : 0.000

Type  : Setup 'T_FF:tff47|D_FF:dff0|q'
Slack : 0.834
TNS   : 0.000

Type  : Setup 'T_FF:tff21|D_FF:dff0|q'
Slack : 0.835
TNS   : 0.000

Type  : Setup 'T_FF:tff37|D_FF:dff0|q'
Slack : 0.835
TNS   : 0.000

Type  : Setup 'T_FF:tff31|D_FF:dff0|q'
Slack : 0.844
TNS   : 0.000

Type  : Setup 'T_FF:tff17|D_FF:dff0|q'
Slack : 0.846
TNS   : 0.000

Type  : Setup 'T_FF:tff27|D_FF:dff0|q'
Slack : 0.852
TNS   : 0.000

Type  : Setup 'T_FF:tff53|D_FF:dff0|q'
Slack : 1.106
TNS   : 0.000

Type  : Setup 'T_FF:tff25|D_FF:dff0|q'
Slack : 1.222
TNS   : 0.000

Type  : Setup 'T_FF:tff1|D_FF:dff0|q'
Slack : 1.260
TNS   : 0.000

Type  : Setup 'T_FF:tff19|D_FF:dff0|q'
Slack : 1.278
TNS   : 0.000

Type  : Setup 'T_FF:tff13|D_FF:dff0|q'
Slack : 1.282
TNS   : 0.000

Type  : Setup 'T_FF:tff9|D_FF:dff0|q'
Slack : 1.327
TNS   : 0.000

Type  : Setup 'T_FF:tff57|D_FF:dff0|q'
Slack : 1.366
TNS   : 0.000

Type  : Setup 'T_FF:tff5|D_FF:dff0|q'
Slack : 1.369
TNS   : 0.000

Type  : Setup 'T_FF:tff41|D_FF:dff0|q'
Slack : 1.409
TNS   : 0.000

Type  : Setup 'T_FF:tff43|D_FF:dff0|q'
Slack : 1.468
TNS   : 0.000

Type  : Setup 'clk'
Slack : 1.674
TNS   : 0.000

Type  : Setup 'T_FF:tff29|D_FF:dff0|q'
Slack : 1.800
TNS   : 0.000

Type  : Setup 'T_FF:tff55|D_FF:dff0|q'
Slack : 1.982
TNS   : 0.000

Type  : Hold 'T_FF:tff55|D_FF:dff0|q'
Slack : -2.036
TNS   : -2.036

Type  : Hold 'T_FF:tff29|D_FF:dff0|q'
Slack : -1.854
TNS   : -1.854

Type  : Hold 'clk'
Slack : -1.728
TNS   : -1.728

Type  : Hold 'T_FF:tff43|D_FF:dff0|q'
Slack : -1.522
TNS   : -1.522

Type  : Hold 'T_FF:tff41|D_FF:dff0|q'
Slack : -1.463
TNS   : -1.463

Type  : Hold 'T_FF:tff5|D_FF:dff0|q'
Slack : -1.423
TNS   : -1.423

Type  : Hold 'T_FF:tff57|D_FF:dff0|q'
Slack : -1.420
TNS   : -1.420

Type  : Hold 'T_FF:tff9|D_FF:dff0|q'
Slack : -1.381
TNS   : -1.381

Type  : Hold 'T_FF:tff13|D_FF:dff0|q'
Slack : -1.336
TNS   : -1.336

Type  : Hold 'T_FF:tff19|D_FF:dff0|q'
Slack : -1.332
TNS   : -1.332

Type  : Hold 'T_FF:tff1|D_FF:dff0|q'
Slack : -1.314
TNS   : -1.314

Type  : Hold 'T_FF:tff25|D_FF:dff0|q'
Slack : -1.276
TNS   : -1.276

Type  : Hold 'T_FF:tff53|D_FF:dff0|q'
Slack : -1.160
TNS   : -1.160

Type  : Hold 'T_FF:tff27|D_FF:dff0|q'
Slack : -0.906
TNS   : -0.906

Type  : Hold 'T_FF:tff17|D_FF:dff0|q'
Slack : -0.900
TNS   : -0.900

Type  : Hold 'T_FF:tff31|D_FF:dff0|q'
Slack : -0.898
TNS   : -0.898

Type  : Hold 'T_FF:tff21|D_FF:dff0|q'
Slack : -0.889
TNS   : -0.889

Type  : Hold 'T_FF:tff37|D_FF:dff0|q'
Slack : -0.889
TNS   : -0.889

Type  : Hold 'T_FF:tff39|D_FF:dff0|q'
Slack : -0.888
TNS   : -0.888

Type  : Hold 'T_FF:tff47|D_FF:dff0|q'
Slack : -0.888
TNS   : -0.888

Type  : Hold 'T_FF:tff35|D_FF:dff0|q'
Slack : -0.879
TNS   : -0.879

Type  : Hold 'T_FF:tff11|D_FF:dff0|q'
Slack : -0.873
TNS   : -0.873

Type  : Hold 'T_FF:tff15|D_FF:dff0|q'
Slack : -0.873
TNS   : -0.873

Type  : Hold 'T_FF:tff33|D_FF:dff0|q'
Slack : -0.869
TNS   : -0.869

Type  : Hold 'T_FF:tff23|D_FF:dff0|q'
Slack : -0.863
TNS   : -0.863

Type  : Hold 'T_FF:tff7|D_FF:dff0|q'
Slack : -0.863
TNS   : -0.863

Type  : Hold 'T_FF:tff49|D_FF:dff0|q'
Slack : -0.861
TNS   : -0.861

Type  : Hold 'T_FF:tff51|D_FF:dff0|q'
Slack : -0.861
TNS   : -0.861

Type  : Hold 'T_FF:tff61|D_FF:dff0|q'
Slack : -0.856
TNS   : -0.856

Type  : Hold 'T_FF:tff59|D_FF:dff0|q'
Slack : -0.855
TNS   : -0.855

Type  : Hold 'T_FF:tff45|D_FF:dff0|q'
Slack : -0.854
TNS   : -0.854

Type  : Hold 'T_FF:tff3|D_FF:dff0|q'
Slack : -0.619
TNS   : -0.619

Type  : Hold 'T_FF:tff4|D_FF:dff0|q'
Slack : -0.525
TNS   : -0.525

Type  : Hold 'T_FF:tff0|D_FF:dff0|q'
Slack : -0.524
TNS   : -0.524

Type  : Hold 'T_FF:tff62|D_FF:dff0|q'
Slack : -0.524
TNS   : -0.524

Type  : Hold 'T_FF:tff42|D_FF:dff0|q'
Slack : -0.523
TNS   : -0.523

Type  : Hold 'T_FF:tff44|D_FF:dff0|q'
Slack : -0.523
TNS   : -0.523

Type  : Hold 'T_FF:tff54|D_FF:dff0|q'
Slack : -0.523
TNS   : -0.523

Type  : Hold 'T_FF:tff14|D_FF:dff0|q'
Slack : -0.522
TNS   : -0.522

Type  : Hold 'T_FF:tff24|D_FF:dff0|q'
Slack : -0.522
TNS   : -0.522

Type  : Hold 'T_FF:tff12|D_FF:dff0|q'
Slack : -0.521
TNS   : -0.521

Type  : Hold 'T_FF:tff16|D_FF:dff0|q'
Slack : -0.521
TNS   : -0.521

Type  : Hold 'T_FF:tff18|D_FF:dff0|q'
Slack : -0.521
TNS   : -0.521

Type  : Hold 'T_FF:tff22|D_FF:dff0|q'
Slack : -0.521
TNS   : -0.521

Type  : Hold 'T_FF:tff28|D_FF:dff0|q'
Slack : -0.521
TNS   : -0.521

Type  : Hold 'T_FF:tff2|D_FF:dff0|q'
Slack : -0.521
TNS   : -0.521

Type  : Hold 'T_FF:tff36|D_FF:dff0|q'
Slack : -0.521
TNS   : -0.521

Type  : Hold 'T_FF:tff38|D_FF:dff0|q'
Slack : -0.521
TNS   : -0.521

Type  : Hold 'T_FF:tff40|D_FF:dff0|q'
Slack : -0.521
TNS   : -0.521

Type  : Hold 'T_FF:tff46|D_FF:dff0|q'
Slack : -0.521
TNS   : -0.521

Type  : Hold 'T_FF:tff48|D_FF:dff0|q'
Slack : -0.521
TNS   : -0.521

Type  : Hold 'T_FF:tff50|D_FF:dff0|q'
Slack : -0.521
TNS   : -0.521

Type  : Hold 'T_FF:tff52|D_FF:dff0|q'
Slack : -0.521
TNS   : -0.521

Type  : Hold 'T_FF:tff8|D_FF:dff0|q'
Slack : -0.521
TNS   : -0.521

Type  : Hold 'T_FF:tff10|D_FF:dff0|q'
Slack : -0.520
TNS   : -0.520

Type  : Hold 'T_FF:tff20|D_FF:dff0|q'
Slack : -0.520
TNS   : -0.520

Type  : Hold 'T_FF:tff26|D_FF:dff0|q'
Slack : -0.520
TNS   : -0.520

Type  : Hold 'T_FF:tff30|D_FF:dff0|q'
Slack : -0.520
TNS   : -0.520

Type  : Hold 'T_FF:tff56|D_FF:dff0|q'
Slack : -0.520
TNS   : -0.520

Type  : Hold 'T_FF:tff6|D_FF:dff0|q'
Slack : -0.520
TNS   : -0.520

Type  : Hold 'T_FF:tff34|D_FF:dff0|q'
Slack : -0.513
TNS   : -0.513

Type  : Hold 'T_FF:tff60|D_FF:dff0|q'
Slack : -0.513
TNS   : -0.513

Type  : Hold 'T_FF:tff32|D_FF:dff0|q'
Slack : -0.511
TNS   : -0.511

Type  : Hold 'T_FF:tff58|D_FF:dff0|q'
Slack : -0.511
TNS   : -0.511

Type  : Hold 'T_FF:tff63|D_FF:dff0|q'
Slack : 1.640
TNS   : 0.000

Type  : Minimum Pulse Width 'clk'
Slack : -2.289
TNS   : -2.289

Type  : Minimum Pulse Width 'T_FF:tff0|D_FF:dff0|q'
Slack : 0.234
TNS   : 0.000

Type  : Minimum Pulse Width 'T_FF:tff10|D_FF:dff0|q'
Slack : 0.234
TNS   : 0.000

Type  : Minimum Pulse Width 'T_FF:tff11|D_FF:dff0|q'
Slack : 0.234
TNS   : 0.000

Type  : Minimum Pulse Width 'T_FF:tff12|D_FF:dff0|q'
Slack : 0.234
TNS   : 0.000

Type  : Minimum Pulse Width 'T_FF:tff13|D_FF:dff0|q'
Slack : 0.234
TNS   : 0.000

Type  : Minimum Pulse Width 'T_FF:tff14|D_FF:dff0|q'
Slack : 0.234
TNS   : 0.000

Type  : Minimum Pulse Width 'T_FF:tff15|D_FF:dff0|q'
Slack : 0.234
TNS   : 0.000

Type  : Minimum Pulse Width 'T_FF:tff16|D_FF:dff0|q'
Slack : 0.234
TNS   : 0.000

Type  : Minimum Pulse Width 'T_FF:tff17|D_FF:dff0|q'
Slack : 0.234
TNS   : 0.000

Type  : Minimum Pulse Width 'T_FF:tff18|D_FF:dff0|q'
Slack : 0.234
TNS   : 0.000

Type  : Minimum Pulse Width 'T_FF:tff19|D_FF:dff0|q'
Slack : 0.234
TNS   : 0.000

Type  : Minimum Pulse Width 'T_FF:tff1|D_FF:dff0|q'
Slack : 0.234
TNS   : 0.000

Type  : Minimum Pulse Width 'T_FF:tff20|D_FF:dff0|q'
Slack : 0.234
TNS   : 0.000

Type  : Minimum Pulse Width 'T_FF:tff21|D_FF:dff0|q'
Slack : 0.234
TNS   : 0.000

Type  : Minimum Pulse Width 'T_FF:tff22|D_FF:dff0|q'
Slack : 0.234
TNS   : 0.000

Type  : Minimum Pulse Width 'T_FF:tff23|D_FF:dff0|q'
Slack : 0.234
TNS   : 0.000

Type  : Minimum Pulse Width 'T_FF:tff24|D_FF:dff0|q'
Slack : 0.234
TNS   : 0.000

Type  : Minimum Pulse Width 'T_FF:tff25|D_FF:dff0|q'
Slack : 0.234
TNS   : 0.000

Type  : Minimum Pulse Width 'T_FF:tff26|D_FF:dff0|q'
Slack : 0.234
TNS   : 0.000

Type  : Minimum Pulse Width 'T_FF:tff27|D_FF:dff0|q'
Slack : 0.234
TNS   : 0.000

Type  : Minimum Pulse Width 'T_FF:tff28|D_FF:dff0|q'
Slack : 0.234
TNS   : 0.000

Type  : Minimum Pulse Width 'T_FF:tff29|D_FF:dff0|q'
Slack : 0.234
TNS   : 0.000

Type  : Minimum Pulse Width 'T_FF:tff2|D_FF:dff0|q'
Slack : 0.234
TNS   : 0.000

Type  : Minimum Pulse Width 'T_FF:tff30|D_FF:dff0|q'
Slack : 0.234
TNS   : 0.000

Type  : Minimum Pulse Width 'T_FF:tff31|D_FF:dff0|q'
Slack : 0.234
TNS   : 0.000

Type  : Minimum Pulse Width 'T_FF:tff32|D_FF:dff0|q'
Slack : 0.234
TNS   : 0.000

Type  : Minimum Pulse Width 'T_FF:tff33|D_FF:dff0|q'
Slack : 0.234
TNS   : 0.000

Type  : Minimum Pulse Width 'T_FF:tff34|D_FF:dff0|q'
Slack : 0.234
TNS   : 0.000

Type  : Minimum Pulse Width 'T_FF:tff35|D_FF:dff0|q'
Slack : 0.234
TNS   : 0.000

Type  : Minimum Pulse Width 'T_FF:tff36|D_FF:dff0|q'
Slack : 0.234
TNS   : 0.000

Type  : Minimum Pulse Width 'T_FF:tff37|D_FF:dff0|q'
Slack : 0.234
TNS   : 0.000

Type  : Minimum Pulse Width 'T_FF:tff38|D_FF:dff0|q'
Slack : 0.234
TNS   : 0.000

Type  : Minimum Pulse Width 'T_FF:tff39|D_FF:dff0|q'
Slack : 0.234
TNS   : 0.000

Type  : Minimum Pulse Width 'T_FF:tff3|D_FF:dff0|q'
Slack : 0.234
TNS   : 0.000

Type  : Minimum Pulse Width 'T_FF:tff40|D_FF:dff0|q'
Slack : 0.234
TNS   : 0.000

Type  : Minimum Pulse Width 'T_FF:tff41|D_FF:dff0|q'
Slack : 0.234
TNS   : 0.000

Type  : Minimum Pulse Width 'T_FF:tff42|D_FF:dff0|q'
Slack : 0.234
TNS   : 0.000

Type  : Minimum Pulse Width 'T_FF:tff43|D_FF:dff0|q'
Slack : 0.234
TNS   : 0.000

Type  : Minimum Pulse Width 'T_FF:tff44|D_FF:dff0|q'
Slack : 0.234
TNS   : 0.000

Type  : Minimum Pulse Width 'T_FF:tff45|D_FF:dff0|q'
Slack : 0.234
TNS   : 0.000

Type  : Minimum Pulse Width 'T_FF:tff46|D_FF:dff0|q'
Slack : 0.234
TNS   : 0.000

Type  : Minimum Pulse Width 'T_FF:tff47|D_FF:dff0|q'
Slack : 0.234
TNS   : 0.000

Type  : Minimum Pulse Width 'T_FF:tff48|D_FF:dff0|q'
Slack : 0.234
TNS   : 0.000

Type  : Minimum Pulse Width 'T_FF:tff49|D_FF:dff0|q'
Slack : 0.234
TNS   : 0.000

Type  : Minimum Pulse Width 'T_FF:tff4|D_FF:dff0|q'
Slack : 0.234
TNS   : 0.000

Type  : Minimum Pulse Width 'T_FF:tff50|D_FF:dff0|q'
Slack : 0.234
TNS   : 0.000

Type  : Minimum Pulse Width 'T_FF:tff51|D_FF:dff0|q'
Slack : 0.234
TNS   : 0.000

Type  : Minimum Pulse Width 'T_FF:tff52|D_FF:dff0|q'
Slack : 0.234
TNS   : 0.000

Type  : Minimum Pulse Width 'T_FF:tff53|D_FF:dff0|q'
Slack : 0.234
TNS   : 0.000

Type  : Minimum Pulse Width 'T_FF:tff54|D_FF:dff0|q'
Slack : 0.234
TNS   : 0.000

Type  : Minimum Pulse Width 'T_FF:tff55|D_FF:dff0|q'
Slack : 0.234
TNS   : 0.000

Type  : Minimum Pulse Width 'T_FF:tff56|D_FF:dff0|q'
Slack : 0.234
TNS   : 0.000

Type  : Minimum Pulse Width 'T_FF:tff57|D_FF:dff0|q'
Slack : 0.234
TNS   : 0.000

Type  : Minimum Pulse Width 'T_FF:tff58|D_FF:dff0|q'
Slack : 0.234
TNS   : 0.000

Type  : Minimum Pulse Width 'T_FF:tff59|D_FF:dff0|q'
Slack : 0.234
TNS   : 0.000

Type  : Minimum Pulse Width 'T_FF:tff5|D_FF:dff0|q'
Slack : 0.234
TNS   : 0.000

Type  : Minimum Pulse Width 'T_FF:tff60|D_FF:dff0|q'
Slack : 0.234
TNS   : 0.000

Type  : Minimum Pulse Width 'T_FF:tff61|D_FF:dff0|q'
Slack : 0.234
TNS   : 0.000

Type  : Minimum Pulse Width 'T_FF:tff62|D_FF:dff0|q'
Slack : 0.234
TNS   : 0.000

Type  : Minimum Pulse Width 'T_FF:tff63|D_FF:dff0|q'
Slack : 0.234
TNS   : 0.000

Type  : Minimum Pulse Width 'T_FF:tff6|D_FF:dff0|q'
Slack : 0.234
TNS   : 0.000

Type  : Minimum Pulse Width 'T_FF:tff7|D_FF:dff0|q'
Slack : 0.234
TNS   : 0.000

Type  : Minimum Pulse Width 'T_FF:tff8|D_FF:dff0|q'
Slack : 0.234
TNS   : 0.000

Type  : Minimum Pulse Width 'T_FF:tff9|D_FF:dff0|q'
Slack : 0.234
TNS   : 0.000

------------------------------------------------------------
